C51 COMPILER V9.54   NIXIE                                                                 11/02/2022 12:34:42 PAGE 1   


C51 COMPILER V9.54, COMPILATION OF MODULE NIXIE
OBJECT MODULE PLACED IN .\Objects\nixie.obj
COMPILER INVOKED BY: D:\app\keil51\C51\BIN\C51.EXE user\nixie.c OPTIMIZE(8,SPEED) BROWSE INCDIR(.\user;D:\app\keil51\C51
                    -\INC\Atmel) DEBUG OBJECTEXTEND PRINT(.\Listings\nixie.lst) TABS(2) OBJECT(.\Objects\nixie.obj)

line level    source

   1          #include "nixie.h"
   2          #include <REGX52.H>
   3          #include "delay.h"
   4          
   5          //                    
   6          unsigned char NixieTable[] = {  0x3F,  //"0"
   7                          0x06,  //"1"
   8                          0x5B,  //"2"
   9                          0x4F,  //"3"
  10                          0x66,  //"4"
  11                          0x6D,  //"5"
  12                          0x7D,  //"6"
  13                          0x07,  //"7"
  14                          0x7F,  //"8"
  15                          0x6F,  //"9"
  16                          0x77,  //"A"
  17                          0x7C,  //"B"
  18                          0x39,  //"C"
  19                          0x5E,  //"D"
  20                          0x79,  //"E"
  21                          0x71,  //"F"
  22                          0x76,  //"H"
  23                          0x38,  //"L"
  24                          0x37,  //"n"
  25                          0x3E,  //"u"
  26                          0x73,  //"P"
  27                          0x5C,  //"o"
  28                          0x40,  //"-"
  29                          0x00  //熄灭
  30                            };
  31          
  32          //数码管显示（列，显示数字）
  33          void Nixie(unsigned char Location,Number)
  34          {
  35   1        switch(Location)
  36   1        {
  37   2          case 1:P2_4=1;P2_3=1;P2_2=1;break;
  38   2          case 2:P2_4=1;P2_3=1;P2_2=0;break;
  39   2          case 3:P2_4=1;P2_3=0;P2_2=1;break;
  40   2          case 4:P2_4=1;P2_3=0;P2_2=0;break;
  41   2          case 5:P2_4=0;P2_3=1;P2_2=1;break;
  42   2          case 6:P2_4=0;P2_3=1;P2_2=0;break;
  43   2          case 7:P2_4=0;P2_3=0;P2_2=1;break;
  44   2          case 8:P2_4=0;P2_3=0;P2_2=0;break;
  45   2        }
  46   1        P0=NixieTable[Number];
  47   1        Delay1ms(1);
  48   1        P0=0x00;
  49   1      }
  50          
  51          
  52          void Static_Nixie(unsigned char Location,Number)
  53          {
  54   1        switch(Location)
C51 COMPILER V9.54   NIXIE                                                                 11/02/2022 12:34:42 PAGE 2   

  55   1        {
  56   2          case 1:P2_4=1;P2_3=1;P2_2=1;break;
  57   2          case 2:P2_4=1;P2_3=1;P2_2=0;break;
  58   2          case 3:P2_4=1;P2_3=0;P2_2=1;break;
  59   2          case 4:P2_4=1;P2_3=0;P2_2=0;break;
  60   2          case 5:P2_4=0;P2_3=1;P2_2=1;break;
  61   2          case 6:P2_4=0;P2_3=1;P2_2=0;break;
  62   2          case 7:P2_4=0;P2_3=0;P2_2=1;break;
  63   2          case 8:P2_4=0;P2_3=0;P2_2=0;break;
  64   2        }
  65   1        P0=NixieTable[Number];
  66   1      }


MODULE INFORMATION:   STATIC OVERLAYABLE
   CODE SIZE        =    208    ----
   CONSTANT SIZE    =   ----    ----
   XDATA SIZE       =   ----    ----
   PDATA SIZE       =   ----    ----
   DATA SIZE        =     24    ----
   IDATA SIZE       =   ----    ----
   BIT SIZE         =   ----    ----
END OF MODULE INFORMATION.


C51 COMPILATION COMPLETE.  0 WARNING(S),  0 ERROR(S)
